#-----------------------------------------------------------
# Vivado v2023.2 (64-bit)
# SW Build 4029153 on Fri Oct 13 20:14:34 MDT 2023
# IP Build 4028589 on Sat Oct 14 00:45:43 MDT 2023
# SharedData Build 4025554 on Tue Oct 10 17:18:54 MDT 2023
# Start of session at: Mon Apr 22 23:21:23 2024
# Process ID: 16060
# Current directory: D:/Projects/2024CODH/labs/lab4/20inst_env/soc_verify/soc_dram/run_vivado/project/loongson.runs/impl_1
# Command line: vivado.exe -log soc_lite_top.vdi -applog -product Vivado -messageDb vivado.pb -mode batch -source soc_lite_top.tcl -notrace
# Log file: D:/Projects/2024CODH/labs/lab4/20inst_env/soc_verify/soc_dram/run_vivado/project/loongson.runs/impl_1/soc_lite_top.vdi
# Journal file: D:/Projects/2024CODH/labs/lab4/20inst_env/soc_verify/soc_dram/run_vivado/project/loongson.runs/impl_1\vivado.jou
# Running On: LAPTOP-54TG6O0D, OS: Windows, CPU Frequency: 2419 MHz, CPU Physical cores: 4, Host memory: 16969 MB
#-----------------------------------------------------------
source soc_lite_top.tcl -notrace
